Microchip MPLAB XC8 Compiler V3.10

Linker command line:

-W-3 \
  --edf=C:\Program Files\Microchip\xc8\v3.10\pic\dat\20250813170317_en.msgs \
  -cn -h+dist/default/production\CAR_BLACK_BOX_Project.X.production.sym \
  --cmf=dist/default/production\CAR_BLACK_BOX_Project.X.production.cmf -z \
  -Q18F4580 -oC:\Users\Asus\AppData\Local\Temp\xcAs3h8.0\driver_tmp_3.o \
  --defsym=__MPLAB_BUILD=1 --fixupoverflow=error \
  -Mdist/default/production/CAR_BLACK_BOX_Project.X.production.map \
  --md=C:\Users\Asus\AppData\Local\Temp\xcAs3h8.0\driver_tmp_0.dat -E1 \
  -ver=XC8 Compiler -ACODE=01h-03000h -ACONST=01h-03000h \
  -ASMALLCONST=0600h-06FFhx42,03000h-03000h -AMEDIUMCONST=0600h-03000h \
  -ACOMRAM=01h-05Fh -AABS1=00h-05FFh -ABIGRAM=01h-05FFh \
  -ARAM=060h-0FFh,0100h-01FFhx5 -ABANK0=060h-0FFh -ABANK1=0100h-01FFh \
  -ABANK2=0200h-02FFh -ABANK3=0300h-03FFh -ABANK4=0400h-04FFh \
  -ABANK5=0500h-05FFh -ASFR=0D00h-0DFFhx2,0F00h-0F5Fh,0F60h-0FFFh \
  -ABIGSFR=0D00h-0FFFh -ACONFIG=0300000h-030000Dh -AIDLOC=0200000h-0200007h \
  -AEEDATA=0F00000h-0F000FFh -peeprom_data=EEDATA \
  -preset_vec=00h,intcode=8h,intcodelo=18h,sivt_lo,sivt_hi=CODE \
  -ppowerup=CODE,init -pramtop=0600h -psmallconst=SMALLCONST \
  -pmediumconst=MEDIUMCONST -pconst=CONST -AFARRAM=00h-00h \
  -prdata=COMRAM,nvrram=COMRAM,nvbit=COMRAM,rbss=COMRAM,rbit=COMRAM \
  -pfarbss=FARRAM,fardata=FARRAM,nvFARRAM=FARRAM \
  -pintsave_regs=BIGRAM,bigbss=BIGRAM,bigdata=BIGRAM -pbss=RAM \
  -pidata=CODE,irdata=CODE,ibigdata=CODE,ifardata=CODE -prparam=COMRAM \
  C:\Users\Asus\AppData\Local\Temp\xcAs3h8.0\driver_tmp_9.o \
  dist/default/production\CAR_BLACK_BOX_Project.X.production.o 

Object code version is 3.11

Machine type is 18F4580



                Name                               Link     Load   Length Selector   Space Scale
C:\Users\Asus\AppData\Local\Temp\xcAs3h8.0\driver_tmp_9.o
                init                               2FFC     2FFC        4     17FE       0
                reset_vec                             0        0        4        0       0
dist/default/production\CAR_BLACK_BOX_Project.X.production.o
                mediumconst                        2E9E     2E9E      15E     174F       0
                text46                             127C     127C       3A      93E       0
                text45                             1496     1496       6C      A4B       0
                text44                             114C     114C       18      8A6       0
                text43                             13D4     13D4       5E      9EA       0
                text42                             1B36     1B36       CC      D9B       0
                text41                             1164     1164       18      8B2       0
                text40                             1F38     1F38      148      F9C       0
                text39                             19B6     19B6       C0      CDB       0
                text38                             1908     1908       AE      C84       0
                text37                             1432     1432       64      A19       0
                text36                             10D4     10D4        6      86A       0
                text35                             1112     1112       12      889       0
                text34                             10DA     10DA        8      86D       0
                text33                             10FA     10FA        C      87D       0
                text32                             10E2     10E2        8      871       0
                text31                             10EA     10EA        8      875       0
                text30                             10F2     10F2        8      879       0
                text29                             1106     1106        C      883       0
                text28                             11F6     11F6       2A      8FB       0
                text27                             25D6     25D6      22A     12EB       0
                text26                             23EE     23EE      1E8     11F7       0
                text25                             117C     117C       1C      8BE       0
                text24                             1862     1862       A6      C31       0
                text23                             1220     1220       2A      910       0
                text22                             1198     1198       1E      8CC       0
                text21                             133C     133C       48      99E       0
                text20                             1136     1136       16      89B       0
                text19                             1124     1124       12      892       0
                text18                             11B6     11B6       20      8DB       0
                text17                             11D6     11D6       20      8EB       0
                text16                             1D08     1D08      108      E84       0
                text15                             15E0     15E0       74      AF0       0
                text14                             124A     124A       32      925       0
                text13                             174E     174E       86      BA7       0
                text12                             2800     2800      310     1400       0
                text11                             2B10     2B10      38E     1588       0
                text10                             1C02     1C02      106      E01       0
                text9                              156E     156E       72      AB7       0
                text8                              2080     2080      1B4     1040       0
                text7                              1384     1384       50      9C2       0
                text6                              16CC     16CC       82      B66       0
                text5                              12B6     12B6       40      95B       0
                text4                              17D4     17D4       8E      BEA       0
                text3                              12F6     12F6       46      97B       0
                text2                              2234     2234      1BA     111A       0
                text1                              1E10     1E10      128      F08       0
                text0                              1A76     1A76       C0      D3B       0
                cstackCOMRAM                          1        1       34        1       1
                bssBANK1                            100      100       A5      100       1
                dataBANK0                            60       60       77       60       1
                bssBANK0                             D7       D7        9       60       1
                dataCOMRAM                           55       55        3        1       1
                bssCOMRAM                            35       35       20        1       1
                cinit                              1502     1502       6C      A81       0
                idataBANK0                         1655     1655       77     1655       0
                idataCOMRAM                        10D1     10D1        3     10D1       0

TOTAL           Name                               Link     Load   Length     Space
        CLASS   CODE           
                init                               2FFC     2FFC        4         0
                reset_vec                             0        0        4         0
                text46                             127C     127C       3A         0
                text45                             1496     1496       6C         0
                text44                             114C     114C       18         0
                text43                             13D4     13D4       5E         0
                text42                             1B36     1B36       CC         0
                text41                             1164     1164       18         0
                text40                             1F38     1F38      148         0
                text39                             19B6     19B6       C0         0
                text38                             1908     1908       AE         0
                text37                             1432     1432       64         0
                text36                             10D4     10D4        6         0
                text35                             1112     1112       12         0
                text34                             10DA     10DA        8         0
                text33                             10FA     10FA        C         0
                text32                             10E2     10E2        8         0
                text31                             10EA     10EA        8         0
                text30                             10F2     10F2        8         0
                text29                             1106     1106        C         0
                text28                             11F6     11F6       2A         0
                text27                             25D6     25D6      22A         0
                text26                             23EE     23EE      1E8         0
                text25                             117C     117C       1C         0
                text24                             1862     1862       A6         0
                text23                             1220     1220       2A         0
                text22                             1198     1198       1E         0
                text21                             133C     133C       48         0
                text20                             1136     1136       16         0
                text19                             1124     1124       12         0
                text18                             11B6     11B6       20         0
                text17                             11D6     11D6       20         0
                text16                             1D08     1D08      108         0
                text15                             15E0     15E0       74         0
                text14                             124A     124A       32         0
                text13                             174E     174E       86         0
                text12                             2800     2800      310         0
                text11                             2B10     2B10      38E         0
                text10                             1C02     1C02      106         0
                text9                              156E     156E       72         0
                text8                              2080     2080      1B4         0
                text7                              1384     1384       50         0
                text6                              16CC     16CC       82         0
                text5                              12B6     12B6       40         0
                text4                              17D4     17D4       8E         0
                text3                              12F6     12F6       46         0
                text2                              2234     2234      1BA         0
                text1                              1E10     1E10      128         0
                text0                              1A76     1A76       C0         0
                cinit                              1502     1502       6C         0
                idataBANK0                         1655     1655       77         0
                idataCOMRAM                        10D1     10D1        3         0

        CLASS   CONST          

        CLASS   SMALLCONST     

        CLASS   MEDIUMCONST    
                mediumconst                        2E9E     2E9E      15E         0

        CLASS   COMRAM         
                cstackCOMRAM                          1        1       34         1
                dataCOMRAM                           55       55        3         1
                bssCOMRAM                            35       35       20         1

        CLASS   ABS1           

        CLASS   BIGRAM         

        CLASS   RAM            

        CLASS   BANK0          
                dataBANK0                            60       60       77         1
                bssBANK0                             D7       D7        9         1

        CLASS   BANK1          
                bssBANK1                            100      100       A5         1

        CLASS   BANK2          

        CLASS   BANK3          

        CLASS   BANK4          

        CLASS   BANK5          

        CLASS   SFR            

        CLASS   BIGSFR         

        CLASS   CONFIG         

        CLASS   IDLOC          

        CLASS   EEDATA         

        CLASS   FARRAM         

        CLASS   HEAP           

        CLASS   STACK          



SEGMENTS        Name                           Load    Length   Top    Selector   Space  Class

                reset_vec                      000000  000004  000004         0       0  CODE    
                cstackCOMRAM                   000001  000057  000058         1       1  COMRAM  
                dataBANK0                      000060  000080  0000E0        60       1  BANK0   
                bssBANK1                       000100  0000A5  0001A5       100       1  BANK1   
                idataCOMRAM                    0010D1  000003  0010D4      10D1       0  CODE    
                text36                         0010D4  000006  0010DA       86A       0  CODE    
                text34                         0010DA  000008  0010E2       86D       0  CODE    
                text32                         0010E2  000008  0010EA       871       0  CODE    
                text31                         0010EA  000008  0010F2       875       0  CODE    
                text30                         0010F2  000008  0010FA       879       0  CODE    
                text33                         0010FA  00000C  001106       87D       0  CODE    
                text29                         001106  00000C  001112       883       0  CODE    
                text35                         001112  000012  001124       889       0  CODE    
                text19                         001124  000012  001136       892       0  CODE    
                text20                         001136  000016  00114C       89B       0  CODE    
                text44                         00114C  000018  001164       8A6       0  CODE    
                text41                         001164  000018  00117C       8B2       0  CODE    
                text25                         00117C  00001C  001198       8BE       0  CODE    
                text22                         001198  00001E  0011B6       8CC       0  CODE    
                text18                         0011B6  000020  0011D6       8DB       0  CODE    
                text17                         0011D6  000020  0011F6       8EB       0  CODE    
                text28                         0011F6  00002A  001220       8FB       0  CODE    
                text23                         001220  00002A  00124A       910       0  CODE    
                text14                         00124A  000032  00127C       925       0  CODE    
                text46                         00127C  00003A  0012B6       93E       0  CODE    
                text5                          0012B6  000040  0012F6       95B       0  CODE    
                text3                          0012F6  000046  00133C       97B       0  CODE    
                text21                         00133C  000048  001384       99E       0  CODE    
                text7                          001384  000050  0013D4       9C2       0  CODE    
                text43                         0013D4  00005E  001432       9EA       0  CODE    
                text37                         001432  000064  001496       A19       0  CODE    
                text45                         001496  00006C  001502       A4B       0  CODE    
                cinit                          001502  00006C  00156E       A81       0  CODE    
                text9                          00156E  000072  0015E0       AB7       0  CODE    
                text15                         0015E0  000074  001654       AF0       0  CODE    
                idataBANK0                     001655  000077  0016CC      1655       0  CODE    
                text6                          0016CC  000082  00174E       B66       0  CODE    
                text13                         00174E  000086  0017D4       BA7       0  CODE    
                text4                          0017D4  00008E  001862       BEA       0  CODE    
                text24                         001862  0000A6  001908       C31       0  CODE    
                text38                         001908  0000AE  0019B6       C84       0  CODE    
                text39                         0019B6  0000C0  001A76       CDB       0  CODE    
                text0                          001A76  0000C0  001B36       D3B       0  CODE    
                text42                         001B36  0000CC  001C02       D9B       0  CODE    
                text10                         001C02  000106  001D08       E01       0  CODE    
                text16                         001D08  000108  001E10       E84       0  CODE    
                text1                          001E10  000128  001F38       F08       0  CODE    
                text40                         001F38  000148  002080       F9C       0  CODE    
                text8                          002080  0001B4  002234      1040       0  CODE    
                text2                          002234  0001BA  0023EE      111A       0  CODE    
                text26                         0023EE  0001E8  0025D6      11F7       0  CODE    
                text27                         0025D6  00022A  002800      12EB       0  CODE    
                text12                         002800  000310  002B10      1400       0  CODE    
                text11                         002B10  00038E  002E9E      1588       0  CODE    
                mediumconst                    002E9E  00015E  002FFC      174F       0  MEDIUMCO
                init                           002FFC  000004  003000      17FE       0  CODE    


UNUSED ADDRESS RANGES

        Name                Unused          Largest block    Delta
        BANK0            00E0-00FF             20
        BANK1            01A5-01FF             5B
        BANK2            0200-02FF            100
        BANK3            0300-03FF            100
        BANK4            0400-04FF            100
        BANK5            0500-05FF            100
        BIGRAM           0058-005F              8
                         00E0-00FF             20
                         01A5-05FF            45B
        BIGSFR           0D00-0FFF            300
        CODE             0004-10D0           10CD
                         1654-1654              1
                         3000-3000              1
        COMRAM           0058-005F              8
        CONFIG           300000-30000D              E
        CONST            0004-10D0           10CD
                         1654-1654              1
                         3000-3000              1
        EEDATA           F00000-F000FF            100
        IDLOC            200000-200007              8
        MEDIUMCONST      0600-10D0            AD1
                         1654-1654              1
                         3000-3000              1
        RAM              00E0-00FF             20
                         01A5-05FF            100
        SFR              0D00-0FFF            100
        SMALLCONST       0600-10D0            100
                         1654-1654              1
                         3000-3000              1

                                  Symbol Table

?___awdiv                      cstackCOMRAM 0001
?___awmod                      cstackCOMRAM 0001
?___fldiv                      cstackCOMRAM 000F
?___fltol                      cstackCOMRAM 0028
?___lwdiv                      cstackCOMRAM 0001
?___lwmod                      cstackCOMRAM 0001
?___xxtofl                     cstackCOMRAM 0001
?_read_adc                     cstackCOMRAM 0001
_ACKDT                         (abs)        7E2D
_ACKEN                         (abs)        7E2C
_ACKSTAT                       (abs)        7E2E
_ACQT0                         (abs)        7E03
_ACQT1                         (abs)        7E04
_ACQT2                         (abs)        7E05
_ADCON0                        (abs)        0FC2
_ADCON1                        (abs)        0FC1
_ADCS0                         (abs)        7E00
_ADCS1                         (abs)        7E01
_ADCS2                         (abs)        7E02
_ADFM                          (abs)        7E07
_ADON                          (abs)        7E10
_ADRESH                        (abs)        0FC4
_ADRESL                        (abs)        0FC3
_BCLIF                         (abs)        7D0B
_BRG16                         (abs)        7DC3
_BRGH                          (abs)        7D62
_CKE                           (abs)        7E3E
_CREN                          (abs)        7D5C
_GO                            (abs)        7E11
_GODONE                        (abs)        7E11
_PEN                           (abs)        7E2A
_PORTB                         (abs)        0F81
_PORTBbits                     (abs)        0F81
_PORTD                         (abs)        0F83
_RBPU                          (abs)        7F8F
_RC0                           (abs)        7C10
_RC1                           (abs)        7C11
_RC2                           (abs)        7C12
_RCEN                          (abs)        7E2B
_RCIF                          (abs)        7CF5
_RCREG                         (abs)        0FAE
_RD7                           (abs)        7C1F
_RSEN                          (abs)        7E29
_RX9                           (abs)        7D5E
_SEN                           (abs)        7E28
_SENDB                         (abs)        7D63
_SMP                           (abs)        7E3F
_SPBRG                         (abs)        0FAF
_SPEN                          (abs)        7D5F
_SSPADD                        (abs)        0FC8
_SSPBUF                        (abs)        0FC9
_SSPCON1                       (abs)        0FC6
_SSPIF                         (abs)        7CF3
_SYNC                          (abs)        7D64
_TRISB                         (abs)        0F93
_TRISC                         (abs)        0F94
_TRISC3                        (abs)        7CA3
_TRISC4                        (abs)        7CA4
_TRISC6                        (abs)        7CA6
_TRISC7                        (abs)        7CA7
_TRISD                         (abs)        0F95
_TRISD7                        (abs)        7CAF
_TX9                           (abs)        7D66
_TXEN                          (abs)        7D65
_TXIF                          (abs)        7CF4
_TXREG                         (abs)        0FAD
_VCFG0                         (abs)        7E0C
_VCFG1                         (abs)        7E0D
__HRAM                         (abs)        0000
__H__absolute__                __absolute__ 0000
__Habs1                        abs1         0000
__Hbank0                       bank0        0000
__Hbank1                       bank1        0000
__Hbank2                       bank2        0000
__Hbank3                       bank3        0000
__Hbank4                       bank4        0000
__Hbank5                       bank5        0000
__Hbigbss                      bigbss       0000
__Hbigdata                     bigdata      0000
__Hbigram                      bigram       0000
__Hbigsfr                      bigsfr       0000
__Hbss                         bss          0000
__HbssBANK0                    bssBANK0     0000
__HbssBANK1                    bssBANK1     0000
__HbssCOMRAM                   bssCOMRAM    0000
__Hcinit                       cinit        0000
__Hclrtext                     clrtext      0000
__Hcomram                      comram       0000
__Hconfig                      config       0000
__Hconst                       const        0000
__HcstackCOMRAM                cstackCOMRAM 0000
__Hdata                        data         0000
__HdataBANK0                   dataBANK0    0000
__HdataCOMRAM                  dataCOMRAM   0000
__Heeprom_data                 eeprom_data  0000
__Hfarbss                      farbss       0000
__Hfardata                     fardata      0000
__Hheap                        heap         0000
__Hibigdata                    ibigdata     0000
__Hidata                       idata        0000
__HidataBANK0                  idataBANK0   0000
__HidataCOMRAM                 idataCOMRAM  0000
__Hidloc                       idloc        0000
__Hifardata                    ifardata     0000
__Hinit                        init         3000
__Hintcode                     intcode      0008
__Hintcode_body                intcode_body 0000
__Hintcodelo                   intcodelo    0018
__Hintentry                    intentry     0000
__Hintret                      intret       0000
__Hintsave_regs                intsave_regs 0000
__Hirdata                      irdata       0000
__Hmediumconst                 mediumconst  2FFC
__HnvFARRAM                    nvFARRAM     0000
__Hnvbit                       nvbit        0000
__Hnvrram                      nvrram       0000
__Hparam                       rparam       0000
__Hpowerup                     powerup      0000
__Hram                         ram          0000
__Hramtop                      ramtop       0600
__Hrbit                        rbit         0000
__Hrbss                        rbss         0000
__Hrdata                       rdata        0000
__Hreset_vec                   reset_vec    0004
__Hrparam                      rparam       0000
__Hsfr                         sfr          0000
__Hsivt_hi                     sivt_hi      0000
__Hsivt_lo                     sivt_lo      0018
__Hsmallconst                  smallconst   0000
__Hspace_0                     (abs)        3000
__Hspace_1                     (abs)        01A5
__Hspace_2                     (abs)        0000
__Hspace_4                     (abs)        0000
__Hstack                       stack        0000
__Hstruct                      struct       0000
__Htemp                        temp         0000
__Htext                        text         0000
__Htext0                       text0        0000
__Htext1                       text1        0000
__Htext10                      text10       0000
__Htext11                      text11       0000
__Htext12                      text12       0000
__Htext13                      text13       0000
__Htext14                      text14       0000
__Htext15                      text15       0000
__Htext16                      text16       0000
__Htext17                      text17       0000
__Htext18                      text18       0000
__Htext19                      text19       0000
__Htext2                       text2        0000
__Htext20                      text20       0000
__Htext21                      text21       0000
__Htext22                      text22       0000
__Htext23                      text23       0000
__Htext24                      text24       0000
__Htext25                      text25       0000
__Htext26                      text26       0000
__Htext27                      text27       0000
__Htext28                      text28       0000
__Htext29                      text29       0000
__Htext3                       text3        0000
__Htext30                      text30       0000
__Htext31                      text31       0000
__Htext32                      text32       0000
__Htext33                      text33       0000
__Htext34                      text34       0000
__Htext35                      text35       0000
__Htext36                      text36       0000
__Htext37                      text37       0000
__Htext38                      text38       0000
__Htext39                      text39       0000
__Htext4                       text4        0000
__Htext40                      text40       0000
__Htext41                      text41       0000
__Htext42                      text42       0000
__Htext43                      text43       0000
__Htext44                      text44       0000
__Htext45                      text45       0000
__Htext46                      text46       0000
__Htext5                       text5        0000
__Htext6                       text6        0000
__Htext7                       text7        0000
__Htext8                       text8        0000
__Htext9                       text9        0000
__LRAM                         (abs)        0001
__L__absolute__                __absolute__ 0000
__Labs1                        abs1         0000
__Lbank0                       bank0        0000
__Lbank1                       bank1        0000
__Lbank2                       bank2        0000
__Lbank3                       bank3        0000
__Lbank4                       bank4        0000
__Lbank5                       bank5        0000
__Lbigbss                      bigbss       0000
__Lbigdata                     bigdata      0000
__Lbigram                      bigram       0000
__Lbigsfr                      bigsfr       0000
__Lbss                         bss          0000
__LbssBANK0                    bssBANK0     0000
__LbssBANK1                    bssBANK1     0000
__LbssCOMRAM                   bssCOMRAM    0000
__Lcinit                       cinit        0000
__Lclrtext                     clrtext      0000
__Lcomram                      comram       0000
__Lconfig                      config       0000
__Lconst                       const        0000
__LcstackCOMRAM                cstackCOMRAM 0000
__Ldata                        data         0000
__LdataBANK0                   dataBANK0    0000
__LdataCOMRAM                  dataCOMRAM   0000
__Leeprom_data                 eeprom_data  0000
__Lfarbss                      farbss       0000
__Lfardata                     fardata      0000
__Lheap                        heap         0000
__Libigdata                    ibigdata     0000
__Lidata                       idata        0000
__LidataBANK0                  idataBANK0   0000
__LidataCOMRAM                 idataCOMRAM  0000
__Lidloc                       idloc        0000
__Lifardata                    ifardata     0000
__Linit                        init         2FFC
__Lintcode                     intcode      0008
__Lintcode_body                intcode_body 0000
__Lintcodelo                   intcodelo    0018
__Lintentry                    intentry     0000
__Lintret                      intret       0000
__Lintsave_regs                intsave_regs 0000
__Lirdata                      irdata       0000
__Lmediumconst                 mediumconst  2E9E
__LnvFARRAM                    nvFARRAM     0000
__Lnvbit                       nvbit        0000
__Lnvrram                      nvrram       0000
__Lparam                       rparam       0000
__Lpowerup                     powerup      0000
__Lram                         ram          0000
__Lramtop                      ramtop       0600
__Lrbit                        rbit         0000
__Lrbss                        rbss         0000
__Lrdata                       rdata        0000
__Lreset_vec                   reset_vec    0000
__Lrparam                      rparam       0000
__Lsfr                         sfr          0000
__Lsivt_hi                     sivt_hi      0000
__Lsivt_lo                     sivt_lo      0018
__Lsmallconst                  smallconst   0000
__Lspace_0                     (abs)        0000
__Lspace_1                     (abs)        0000
__Lspace_2                     (abs)        0000
__Lspace_4                     (abs)        0000
__Lstack                       stack        0000
__Lstruct                      struct       0000
__Ltemp                        temp         0000
__Ltext                        text         0000
__Ltext0                       text0        0000
__Ltext1                       text1        0000
__Ltext10                      text10       0000
__Ltext11                      text11       0000
__Ltext12                      text12       0000
__Ltext13                      text13       0000
__Ltext14                      text14       0000
__Ltext15                      text15       0000
__Ltext16                      text16       0000
__Ltext17                      text17       0000
__Ltext18                      text18       0000
__Ltext19                      text19       0000
__Ltext2                       text2        0000
__Ltext20                      text20       0000
__Ltext21                      text21       0000
__Ltext22                      text22       0000
__Ltext23                      text23       0000
__Ltext24                      text24       0000
__Ltext25                      text25       0000
__Ltext26                      text26       0000
__Ltext27                      text27       0000
__Ltext28                      text28       0000
__Ltext29                      text29       0000
__Ltext3                       text3        0000
__Ltext30                      text30       0000
__Ltext31                      text31       0000
__Ltext32                      text32       0000
__Ltext33                      text33       0000
__Ltext34                      text34       0000
__Ltext35                      text35       0000
__Ltext36                      text36       0000
__Ltext37                      text37       0000
__Ltext38                      text38       0000
__Ltext39                      text39       0000
__Ltext4                       text4        0000
__Ltext40                      text40       0000
__Ltext41                      text41       0000
__Ltext42                      text42       0000
__Ltext43                      text43       0000
__Ltext44                      text44       0000
__Ltext45                      text45       0000
__Ltext46                      text46       0000
__Ltext5                       text5        0000
__Ltext6                       text6        0000
__Ltext7                       text7        0000
__Ltext8                       text8        0000
__Ltext9                       text9        0000
__S0                           (abs)        3000
__S1                           (abs)        01A5
__S4                           (abs)        0000
__S5                           (abs)        0000
___awdiv                       text39       19B6
___awdiv@counter               cstackCOMRAM 0005
___awdiv@dividend              cstackCOMRAM 0001
___awdiv@divisor               cstackCOMRAM 0003
___awdiv@quotient              cstackCOMRAM 0007
___awdiv@sign                  cstackCOMRAM 0006
___awmod                       text38       1908
___awmod@counter               cstackCOMRAM 0005
___awmod@dividend              cstackCOMRAM 0001
___awmod@divisor               cstackCOMRAM 0003
___awmod@sign                  cstackCOMRAM 0006
___fldiv                       text11       2B10
___fldiv@a                     cstackCOMRAM 0013
___fldiv@aexp                  cstackCOMRAM 0027
___fldiv@b                     cstackCOMRAM 000F
___fldiv@bexp                  cstackCOMRAM 0026
___fldiv@grs                   cstackCOMRAM 0022
___fldiv@new_exp               cstackCOMRAM 0020
___fldiv@rem                   cstackCOMRAM 001B
___fldiv@sign                  cstackCOMRAM 001F
___fltol                       text10       1C02
___fltol@exp1                  cstackCOMRAM 0031
___fltol@f1                    cstackCOMRAM 0028
___fltol@sign1                 cstackCOMRAM 0030
___heap_hi                     (abs)        0000
___heap_lo                     (abs)        0000
___inthi_sp                    stack        0000
___inthi_stack_hi              stack        0000
___inthi_stack_lo              stack        0000
___intlo_sp                    stack        0000
___intlo_stack_hi              stack        0000
___intlo_stack_lo              stack        0000
___lwdiv                       text9        156E
___lwdiv@counter               cstackCOMRAM 0007
___lwdiv@dividend              cstackCOMRAM 0001
___lwdiv@divisor               cstackCOMRAM 0003
___lwdiv@quotient              cstackCOMRAM 0005
___lwmod                       text37       1432
___lwmod@counter               cstackCOMRAM 0005
___lwmod@dividend              cstackCOMRAM 0001
___lwmod@divisor               cstackCOMRAM 0003
___param_bank                  (abs)        0000
___rparam_used                 (abs)        0001
___sp                          stack        0000
___stack_hi                    stack        0000
___stack_lo                    stack        0000
___xxtofl                      text8        2080
___xxtofl@arg                  cstackCOMRAM 000B
___xxtofl@exp                  cstackCOMRAM 000A
___xxtofl@sign                 cstackCOMRAM 0009
___xxtofl@val                  cstackCOMRAM 0001
__accesstop                    (abs)        0060
__activetblptr                 (abs)        0002
__end_of___awdiv               text39       1A76
__end_of___awmod               text38       19B6
__end_of___fldiv               text11       2E9E
__end_of___fltol               text10       1D08
__end_of___lwdiv               text9        15E0
__end_of___lwmod               text37       1496
__end_of___xxtofl              text8        2234
__end_of__initialization       cinit        1564
__end_of_clcd_print            text45       1502
__end_of_clcd_putch            text41       117C
__end_of_clcd_write            text46       12B6
__end_of_clear_log             text42       1C02
__end_of_decimal_to_bcd        text14       127C
__end_of_display_main_menu     text40       2080
__end_of_display_time          text7        13D4
__end_of_download_log          text26       25D6
__end_of_event_reader          text27       2800
__end_of_event_store           text4        1862
__end_of_get_time              text6        174E
__end_of_i2c_idle              text35       1124
__end_of_i2c_no_ack            text36       10DA
__end_of_i2c_read              text33       1106
__end_of_i2c_rep_start         text32       10EA
__end_of_i2c_rx_mode           text34       10E2
__end_of_i2c_start             text31       10F2
__end_of_i2c_stop              text30       10FA
__end_of_i2c_write             text29       1112
__end_of_init_adc              text25       1198
__end_of_init_clcd             text24       1908
__end_of_init_config           text17       11F6
__end_of_init_ds1307           text21       1384
__end_of_init_i2c              text20       114C
__end_of_init_matrix_keypad    text19       1136
__end_of_init_uart             text18       11D6
__end_of_main                  text0        1B36
__end_of_putch                 text44       1164
__end_of_puts                  text43       1432
__end_of_read_adc              text3        133C
__end_of_read_ds1307           text23       124A
__end_of_read_external_eeprom  text28       1220
__end_of_read_switches         text15       1654
__end_of_scan_key              text16       1E10
__end_of_set_time              text12       2B10
__end_of_view_dashboard        text2        23EE
__end_of_view_log              text1        1F38
__end_of_write_ds1307          text22       11B6
__end_of_write_external_eeprom text5        12F6
__end_of_write_to_rtc          text13       17D4
__initialization               cinit        1502
__mediumconst                  mediumconst  2E9E
__pbssBANK0                    bssBANK0     00D7
__pbssBANK1                    bssBANK1     0100
__pbssCOMRAM                   bssCOMRAM    0035
__pcinit                       cinit        1502
__pcstackCOMRAM                cstackCOMRAM 0001
__pdataBANK0                   dataBANK0    0060
__pdataCOMRAM                  dataCOMRAM   0055
__pidataBANK0                  idataBANK0   1655
__pidataCOMRAM                 idataCOMRAM  10D1
__pmediumconst                 mediumconst  2E9E
__ptext0                       text0        1A76
__ptext1                       text1        1E10
__ptext10                      text10       1C02
__ptext11                      text11       2B10
__ptext12                      text12       2800
__ptext13                      text13       174E
__ptext14                      text14       124A
__ptext15                      text15       15E0
__ptext16                      text16       1D08
__ptext17                      text17       11D6
__ptext18                      text18       11B6
__ptext19                      text19       1124
__ptext2                       text2        2234
__ptext20                      text20       1136
__ptext21                      text21       133C
__ptext22                      text22       1198
__ptext23                      text23       1220
__ptext24                      text24       1862
__ptext25                      text25       117C
__ptext26                      text26       23EE
__ptext27                      text27       25D6
__ptext28                      text28       11F6
__ptext29                      text29       1106
__ptext3                       text3        12F6
__ptext30                      text30       10F2
__ptext31                      text31       10EA
__ptext32                      text32       10E2
__ptext33                      text33       10FA
__ptext34                      text34       10DA
__ptext35                      text35       1112
__ptext36                      text36       10D4
__ptext37                      text37       1432
__ptext38                      text38       1908
__ptext39                      text39       19B6
__ptext4                       text4        17D4
__ptext40                      text40       1F38
__ptext41                      text41       1164
__ptext42                      text42       1B36
__ptext43                      text43       13D4
__ptext44                      text44       114C
__ptext45                      text45       1496
__ptext46                      text46       127C
__ptext5                       text5        12B6
__ptext6                       text6        16CC
__ptext7                       text7        1384
__ptext8                       text8        2080
__ptext9                       text9        156E
__ramtop                       ramtop       0600
__smallconst                   mediumconst  2E9E
_arrow_pos                     bssCOMRAM    0050
_clcd_print                    text45       1496
_clcd_putch                    text41       1164
_clcd_write                    text46       127C
_clear_clcd_line               dataBANK0    00C6
_clear_delay                   bssCOMRAM    0039
_clear_log                     text42       1B36
_clock_reg                     bssCOMRAM    003D
_collision                     dataCOMRAM   0056
_decimal_to_bcd                text14       124A
_display_main_menu             text40       1F38
_display_time                  text7        1384
_download_delay                bssCOMRAM    0035
_download_log                  text26       23EE
_download_log$338              cstackCOMRAM 0012
_edit_time_delay               bssCOMRAM    0040
_event_count                   bssCOMRAM    0042
_event_logs                    bssBANK1     0100
_event_reader                  text27       25D6
_event_reader$322              cstackCOMRAM 000B
_event_store                   text4        17D4
_gear_mode                     dataBANK0    00AB
_gear_pos                      dataCOMRAM   0055
_get_time                      text6        16CC
_hour                          bssCOMRAM    004A
_i2c_idle                      text35       1112
_i2c_no_ack                    text36       10D4
_i2c_read                      text33       10FA
_i2c_rep_start                 text32       10E2
_i2c_rx_mode                   text34       10DA
_i2c_start                     text31       10EA
_i2c_stop                      text30       10F2
_i2c_write                     text29       1106
_init_adc                      text25       117C
_init_clcd                     text24       1862
_init_config                   text17       11D6
_init_ds1307                   text21       133C
_init_i2c                      text20       1136
_init_matrix_keypad            text19       1124
_init_uart                     text18       11B6
_key                           bssCOMRAM    0053
_main                          text0        1A76
_main_menu_contents            dataBANK0    0060
_menu_index                    bssCOMRAM    004E
_min                           bssCOMRAM    0049
_on_event_flag                 bssCOMRAM    0051
_putch                         text44       114C
_puts                          text43       13D4
_read_adc                      text3        12F6
_read_addr                     bssCOMRAM    004C
_read_ds1307                   text23       1220
_read_external_eeprom          text28       11F6
_read_switches                 text15       15E0
_scan_key                      text16       1D08
_sec                           bssCOMRAM    0048
_selected_menu_pos             bssCOMRAM    004F
_set_time                      text12       2800
_speed                         bssCOMRAM    0044
_state                         bssCOMRAM    0052
_temp_state                    bssCOMRAM    0046
_time                          bssBANK0     00D7
_time_field                    bssCOMRAM    0047
_view_dashboard                text2        2234
_view_log                      text1        1E10
_view_log$328                  cstackCOMRAM 0012
_view_log_scroll               bssCOMRAM    004B
_write_addr                    bssCOMRAM    004D
_write_ds1307                  text22       1198
_write_external_eeprom         text5        12B6
_write_to_rtc                  text13       174E
_write_to_rtc$363              cstackCOMRAM 000F
_write_to_rtc$364              cstackCOMRAM 0011
clcd_print@addr                cstackCOMRAM 0005
clcd_print@data                cstackCOMRAM 0003
clcd_putch@addr                cstackCOMRAM 0009
clcd_putch@data                cstackCOMRAM 000A
clcd_write@byte                cstackCOMRAM 0002
clcd_write@control_bit         cstackCOMRAM 0001
decimal_to_bcd@val             cstackCOMRAM 000B
download_log@i                 cstackCOMRAM 0014
end_of_initialization          cinit        1564
event_reader@i                 cstackCOMRAM 000E
event_reader@j                 cstackCOMRAM 000F
event_reader@temp_speed        cstackCOMRAM 000D
event_store@i                  cstackCOMRAM 0006
i2c_write@data                 cstackCOMRAM 0001
init_ds1307@dummy              cstackCOMRAM 0004
intlevel0                      text         0000
intlevel1                      text         0000
intlevel2                      text         0000
intlevel3                      text         0000
isa$std                        (abs)        0001
isa$xinst                      (abs)        0000
putch@byte                     cstackCOMRAM 0001
puts@s                         cstackCOMRAM 0002
read_adc@channel               cstackCOMRAM 0007
read_adc@reg_val               cstackCOMRAM 0005
read_ds1307@address            cstackCOMRAM 0002
read_ds1307@data               cstackCOMRAM 0003
read_external_eeprom@address   cstackCOMRAM 0002
read_external_eeprom@data      cstackCOMRAM 0003
read_switches@detection_type   cstackCOMRAM 0001
read_switches@key              bssCOMRAM    0054
read_switches@once             dataCOMRAM   0057
stackhi                        (abs)        0000
stacklo                        (abs)        0000
start                          init         2FFC
start_initialization           cinit        1502
write_ds1307@address           cstackCOMRAM 0003
write_ds1307@data              cstackCOMRAM 0002
write_external_eeprom@address  cstackCOMRAM 0005
write_external_eeprom@data     cstackCOMRAM 0002
write_external_eeprom@i        cstackCOMRAM 0003
write_to_rtc@data              cstackCOMRAM 0014
write_to_rtc@h                 cstackCOMRAM 000E
write_to_rtc@i                 cstackCOMRAM 0015
write_to_rtc@m                 cstackCOMRAM 000C
write_to_rtc@s                 cstackCOMRAM 000D
write_to_rtc@val               cstackCOMRAM 0013


MODULE INFORMATION

Module		Function		Class		Link	Load	Size
Project_2__main.c
		_main          		CODE           	1A76	0000	192
		_init_config   		CODE           	11D6	0000	32

Project_2__main.c estimated size: 224

C:\Program Files\Microchip\xc8\v3.10\pic\sources\c99\common\lwmod.c
		___lwmod       		CODE           	1432	0000	100

C:\Program Files\Microchip\xc8\v3.10\pic\sources\c99\common\lwmod.c estimated size: 100

C:\Program Files\Microchip\xc8\v3.10\pic\sources\c99\common\awmod.c
		___awmod       		CODE           	1908	0000	174

C:\Program Files\Microchip\xc8\v3.10\pic\sources\c99\common\awmod.c estimated size: 174

matrix_keypad.c
		_init_matrix_keypad		CODE           	1124	0000	18
		_read_switches 		CODE           	15E0	0000	116
		_scan_key      		CODE           	1D08	0000	264

matrix_keypad.c estimated size: 398

uart.c
		_putch         		CODE           	114C	0000	24
		_init_uart     		CODE           	11B6	0000	32
		_puts          		CODE           	13D4	0000	94

uart.c estimated size: 150

i2c.c
		_i2c_start     		CODE           	10EA	0000	8
		_i2c_no_ack    		CODE           	10D4	0000	6
		_i2c_rep_start 		CODE           	10E2	0000	8
		_i2c_idle      		CODE           	1112	0000	18
		_i2c_write     		CODE           	1106	0000	12
		_i2c_stop      		CODE           	10F2	0000	8
		_i2c_read      		CODE           	10FA	0000	12
		_init_i2c      		CODE           	1136	0000	22
		_i2c_rx_mode   		CODE           	10DA	0000	8

i2c.c estimated size: 102

ds1307.c
		_read_ds1307   		CODE           	1220	0000	42
		_write_ds1307  		CODE           	1198	0000	30
		_display_time  		CODE           	1384	0000	80
		_get_time      		CODE           	16CC	0000	130
		_init_ds1307   		CODE           	133C	0000	72

ds1307.c estimated size: 354

C:\Program Files\Microchip\xc8\v3.10\pic\sources\c99\common\lwdiv.c
		___lwdiv       		CODE           	156E	0000	114

C:\Program Files\Microchip\xc8\v3.10\pic\sources\c99\common\lwdiv.c estimated size: 114

C:\Program Files\Microchip\xc8\v3.10\pic\sources\c99\common\awdiv.c
		___awdiv       		CODE           	19B6	0000	192

C:\Program Files\Microchip\xc8\v3.10\pic\sources\c99\common\awdiv.c estimated size: 192

adc.c
		_init_adc      		CODE           	117C	0000	28
		_read_adc      		CODE           	12F6	0000	70

adc.c estimated size: 98

C:\Program Files\Microchip\xc8\v3.10\pic\sources\c99\common\fltol.c
		___fltol       		CODE           	1C02	0000	262

C:\Program Files\Microchip\xc8\v3.10\pic\sources\c99\common\fltol.c estimated size: 262

C:\Program Files\Microchip\xc8\v3.10\pic\sources\c99\common\xxtofl.c
		___xxtofl      		CODE           	2080	0000	436

C:\Program Files\Microchip\xc8\v3.10\pic\sources\c99\common\xxtofl.c estimated size: 436

C:\Program Files\Microchip\xc8\v3.10\pic\sources\c99\common\sprcdiv.c
		___fldiv       		CODE           	2B10	0000	910

C:\Program Files\Microchip\xc8\v3.10\pic\sources\c99\common\sprcdiv.c estimated size: 910

external_eeprom.c
		_write_external_eeprom		CODE           	12B6	0000	64
		_read_external_eeprom		CODE           	11F6	0000	42

external_eeprom.c estimated size: 106

shared
		__initialization		CODE           	1502	0000	98

shared estimated size: 98

clcd.c
		_clcd_write    		CODE           	127C	0000	58
		_clcd_print    		CODE           	1496	0000	108
		_clcd_putch    		CODE           	1164	0000	24
		_init_clcd     		CODE           	1862	0000	166

clcd.c estimated size: 356

black_box.c
		_view_log      		CODE           	1E10	0000	296
		_write_to_rtc  		CODE           	174E	0000	134
		_event_store   		CODE           	17D4	0000	142
		_decimal_to_bcd		CODE           	124A	0000	50
		_display_main_menu		CODE           	1F38	0000	328
		_event_reader  		CODE           	25D6	0000	554
		_download_log  		CODE           	23EE	0000	488
		_set_time      		CODE           	2800	0000	784
		_clear_log     		CODE           	1B36	0000	204
		_view_dashboard		CODE           	2234	0000	442

black_box.c estimated size: 3422

